MO sobelXY NULL sobelXY.vf vlg36/sobel_x_y.bin 1560127963
MO shLf2_MUSER_bytes NULL bytes.vf vlg00/sh_lf2___m_u_s_e_r__bytes.bin 1560127963
MO D2_4E_HXILINX_bytes NULL bytes.vf vlg6F/_d2__4_e___h_x_i_l_i_n_x__bytes.bin 1559500018
MO ADD8_HXILINX_sobelXY NULL sobelXY.vf vlg7D/_a_d_d8___h_x_i_l_i_n_x__sobel_x_y.bin 1560127963
MO D2_4E_MXILINX_bytes NULL bytes.vf vlg04/_d2__4_e___m_x_i_l_i_n_x__bytes.bin 1560127963
MO sobel_MUSER_bytes NULL bytes.vf vlg26/sobel___m_u_s_e_r__bytes.bin 1560127963
MO ADD4_HXILINX_bytes NULL bytes.vf vlg52/_a_d_d4___h_x_i_l_i_n_x__bytes.bin 1559500018
MO ADD8_HXILINX_sobel NULL sobel.vf vlg4C/_a_d_d8___h_x_i_l_i_n_x__sobel.bin 1560127963
MO mux1_3_MUSER_bytes NULL bytes.vf vlg5E/mux1__3___m_u_s_e_r__bytes.bin 1560127963
MO sobel NULL sobel.vf vlg6D/sobel.bin 1560127963
MO muxs8_3_MUSER_bytes NULL bytes.vf vlg4C/muxs8__3___m_u_s_e_r__bytes.bin 1560127963
MO shLf2_MUSER_sobel NULL sobel.vf vlg56/sh_lf2___m_u_s_e_r__sobel.bin 1560127963
MO INV8_HXILINX_bytes NULL bytes.vf vlg12/_i_n_v8___h_x_i_l_i_n_x__bytes.bin 1559500018
MO sobelXY_MUSER_bytes NULL bytes.vf vlg3F/sobel_x_y___m_u_s_e_r__bytes.bin 1560127963
MO ADD4_HXILINX_sobel NULL sobel.vf vlg28/_a_d_d4___h_x_i_l_i_n_x__sobel.bin 1560127963
MO shLf2_MUSER_sobelXY NULL sobelXY.vf vlg77/sh_lf2___m_u_s_e_r__sobel_x_y.bin 1560127963
MO sobelSumABS_MUSER_bytes NULL bytes.vf vlg01/sobel_sum_a_b_s___m_u_s_e_r__bytes.bin 1560127963
MO FD8CE_MXILINX_bytes NULL bytes.vf vlg6C/_f_d8_c_e___m_x_i_l_i_n_x__bytes.bin 1560127963
MO CB2CE_MXILINX_bytes NULL bytes.vf vlg51/_c_b2_c_e___m_x_i_l_i_n_x__bytes.bin 1560127963
MO shLf2 NULL shLf2.vf vlg27/sh_lf2.bin 1560127963
MO INV4_HXILINX_bytes NULL bytes.vf vlg6E/_i_n_v4___h_x_i_l_i_n_x__bytes.bin 1559500018
MO INV8_HXILINX_sobel NULL sobel.vf vlg68/_i_n_v8___h_x_i_l_i_n_x__sobel.bin 1560127963
MO ADD4_HXILINX_sobelXY NULL sobelXY.vf vlg79/_a_d_d4___h_x_i_l_i_n_x__sobel_x_y.bin 1560127963
MO sobelXY_MUSER_sobel NULL sobel.vf vlg15/sobel_x_y___m_u_s_e_r__sobel.bin 1560127963
MO mux1_3 NULL mux1_3.vf vlg25/mux1__3.bin 1560127963
MO CB4CE_HXILINX_bytes NULL bytes.vf vlg3E/_c_b4_c_e___h_x_i_l_i_n_x__bytes.bin 1559500018
MO sobelSumABS NULL sobelSumABS.vf vlg58/sobel_sum_a_b_s.bin 1560127963
MO sobelSumABS_MUSER_sobel NULL sobel.vf vlg57/sobel_sum_a_b_s___m_u_s_e_r__sobel.bin 1560127963
MO INV4_MXILINX_bytes NULL bytes.vf vlg03/_i_n_v4___m_x_i_l_i_n_x__bytes.bin 1560127963
MO ADD8_MXILINX_bytes NULL bytes.vf vlg0B/_a_d_d8___m_x_i_l_i_n_x__bytes.bin 1560127963
MO INV8_HXILINX_sobelXY NULL sobelXY.vf vlg39/_i_n_v8___h_x_i_l_i_n_x__sobel_x_y.bin 1560127963
MO CB4CE_MXILINX_bytes NULL bytes.vf vlg53/_c_b4_c_e___m_x_i_l_i_n_x__bytes.bin 1560127963
MO ADD8_HXILINX_sobelSumABS NULL sobelSumABS.vf vlg2F/_a_d_d8___h_x_i_l_i_n_x__sobel_sum_a_b_s.bin 1560127963
MO FD8CE_HXILINX_bytes NULL bytes.vf vlg57/_f_d8_c_e___h_x_i_l_i_n_x__bytes.bin 1559500018
MO CB2CE_HXILINX_bytes NULL bytes.vf vlg3C/_c_b2_c_e___h_x_i_l_i_n_x__bytes.bin 1559500018
MO ADD4_MXILINX_bytes NULL bytes.vf vlg67/_a_d_d4___m_x_i_l_i_n_x__bytes.bin 1560127963
MO D3_8E_HXILINX_bytes NULL bytes.vf vlg68/_d3__8_e___h_x_i_l_i_n_x__bytes.bin 1559500018
MO mux1_3_MUSER_muxs8_3 NULL muxs8_3.vf vlg22/mux1__3___m_u_s_e_r__muxs8__3.bin 1560127963
MO FTCE_MXILINX_bytes NULL bytes.vf vlg3C/_f_t_c_e___m_x_i_l_i_n_x__bytes.bin 1560127963
MO CD4CE_HXILINX_bytes NULL bytes.vf vlg48/_c_d4_c_e___h_x_i_l_i_n_x__bytes.bin 1559500018
MO D3_8E_MXILINX_bytes NULL bytes.vf vlg7D/_d3__8_e___m_x_i_l_i_n_x__bytes.bin 1560127963
MO ADD8_HXILINX_bytes NULL bytes.vf vlg76/_a_d_d8___h_x_i_l_i_n_x__bytes.bin 1559500018
MO bytes NULL bytes.vf vlg17/bytes.bin 1560127963
MO muxs8_3 NULL muxs8_3.vf vlg33/muxs8__3.bin 1560127963
MO INV8_MXILINX_bytes NULL bytes.vf vlg27/_i_n_v8___m_x_i_l_i_n_x__bytes.bin 1560127963
